## Phase: board merge (pcbnew 10.0.5)
master outline bbox=(59.8,99.8)-(180.2,175.2) mm
refs in multiple blocks -- MASTER placement kept: FID1, FID2, FID3
adc-dac         moved:49 tracks:397 arcs:0 vias:56 zones:5 rule-areas:1  fp-bbox=(98.5,134.3)-(117.4,159.2) mm
clock           moved:36 tracks:371 arcs:0 vias:54 zones:7 rule-areas:1  fp-bbox=(111.3,140.0)-(191.5,172.7) mm
fpga            moved:31 tracks:283 arcs:0 vias:41 zones:12 rule-areas:1  fp-bbox=(90.7,100.7)-(172.3,129.0) mm
net MAPPED by label: /RF Front End/~{BIAS_EN} -> /Microcontroller/~{BIAS_EN}
net MAPPED by label: /RF Front End/RX_EN -> /IF Transceiver/RX_EN
frontend        moved:69 tracks:469 arcs:0 vias:64 zones:8 rule-areas:2  fp-bbox=(48.5,152.8)-(87.2,170.4) mm
net MAPPED by label: /IF Transceiver/XCVR_CLK -> /Clock Generator/XCVR_CLK
if-transceiver  moved:39 tracks:312 arcs:0 vias:54 zones:6 rule-areas:1  fp-bbox=(90.5,150.1)-(113.1,167.0) mm
image-reject    moved:21 tracks:124 arcs:0 vias:14 zones:1 rule-areas:1  fp-bbox=(82.5,150.6)-(92.2,162.8) mm
net MAPPED by label: /Microcontroller/TRIGGER.OUT -> /Clock Generator/TRIGGER.OUT
net MAPPED by label: /Microcontroller/TRIGGER.IN -> /Clock Generator/TRIGGER.IN
net MAPPED by label: /Microcontroller/XCVR.RSSI -> /IF Transceiver/XCVR.RSSI
net MAPPED by label: /Microcontroller/SGPIO8 -> /FPGA/SGPIO8
net MAPPED by label: /Microcontroller/MCU_CLK -> /Clock Generator/MCU_CLK
net MAPPED by label: /Microcontroller/P1_CTRL1 -> /Clock Generator/P1_CTRL1
net MAPPED by label: /Microcontroller/P1_CTRL0 -> /Clock Generator/P1_CTRL0
net MAPPED by label: /Microcontroller/P1_CTRL2 -> /Clock Generator/P1_CTRL2
net MAPPED by label: /Microcontroller/SGPIO10 -> /FPGA/SGPIO10
net MAPPED by label: /Microcontroller/CLKIN_CTRL -> /Clock Generator/CLKIN_CTRL
net MAPPED by label: /Microcontroller/P2_CTRL1 -> /Clock Generator/P2_CTRL1
net MAPPED by label: /Microcontroller/P2_5 -> /Clock Generator/P2_5
net MAPPED by label: /Microcontroller/SGPIO1 -> /FPGA/SGPIO1
net MAPPED by label: /Microcontroller/SGPIO0 -> /FPGA/SGPIO0
net MAPPED by label: /Microcontroller/AA_EN -> /ADC, DAC/AA_EN
net MAPPED by label: /Microcontroller/P2_CTRL0 -> /Clock Generator/P2_CTRL0
net MAPPED by label: /Microcontroller/SGPIO5 -> /FPGA/SGPIO5
net MAPPED by label: /Microcontroller/SGPIO7 -> /FPGA/SGPIO7
net MAPPED by label: /Microcontroller/FPGA_CONFIG.CDONE -> /FPGA/FPGA_CONFIG.CDONE
net MAPPED by label: /Microcontroller/SGPIO3 -> /FPGA/SGPIO3
net MAPPED by label: /Microcontroller/SGPIO11 -> /FPGA/SGPIO11
net MAPPED by label: /Microcontroller/XCVR.~{CS} -> /IF Transceiver/XCVR.~{CS}
net MAPPED by label: /Microcontroller/XCVR.RXTX -> /IF Transceiver/XCVR.RXTX
net MAPPED by label: /Microcontroller/SGPIO6 -> /FPGA/SGPIO6
net MAPPED by label: /Microcontroller/FPGA_CONFIG.~{SPI_CS} -> /FPGA/FPGA_CONFIG.~{SPI_CS}
net MAPPED by label: /Microcontroller/FPGA_CONFIG.~{CRESET} -> /FPGA/FPGA_CONFIG.~{CRESET}
net MAPPED by label: /Microcontroller/SGPIO4 -> /FPGA/SGPIO4
net MAPPED by label: /Microcontroller/XCVR.LD -> /IF Transceiver/XCVR.LD
net MAPPED by label: /Microcontroller/XCVR.~{SHDN} -> /IF Transceiver/XCVR.~{SHDN}
net MAPPED by label: /Microcontroller/SCT_CLK -> /Clock Generator/SCT_CLK
net MAPPED by label: /Microcontroller/SGPIO12 -> /FPGA/SGPIO12
net MAPPED by label: /Microcontroller/SGPIO9 -> /FPGA/SGPIO9
net MAPPED by label: /Microcontroller/SGPIO2 -> /FPGA/SGPIO2
net MAPPED by label: /Microcontroller/XCVR.RXHP -> /IF Transceiver/XCVR.RXHP
mcu             moved:45 tracks:1418 arcs:0 vias:176 zones:4 rule-areas:3  fp-bbox=(120.4,101.1)-(174.8,167.9) mm
net MAPPED by label: /Mixer/RX_EN -> /IF Transceiver/RX_EN
net MAPPED by label: /Mixer/MIXER.~{RESET} -> /Microcontroller/MIXER.~{RESET}
net MAPPED by label: /Mixer/MIXER.~{EN} -> /Microcontroller/MIXER.~{EN}
net MAPPED by label: /Mixer/MIXER.SCLK -> /Microcontroller/MIXER.SCLK
net MAPPED by label: /Mixer/MIXER.SDATA -> /Microcontroller/MIXER.SDATA
net MAPPED by label: /Mixer/MIXER.ENBL -> /Microcontroller/MIXER.ENBL
net MAPPED by label: /Mixer/MIX_CLK -> /Clock Generator/MIX_CLK
mixer           moved:77 tracks:474 arcs:0 vias:48 zones:4 rule-areas:1  fp-bbox=(72.4,136.2)-(95.6,152.1) mm
net CREATED in master (no unique match): /Power/VRM_IN
net MAPPED by label: /Power/MODE -> /Microcontroller/MODE
net MAPPED by label: /Power/1V2_EN -> /Microcontroller/1V2_EN
net MAPPED by label: /Power/VBUS_SAFE -> /Microcontroller/VBUS_SAFE
net MAPPED by label: /Power/~{3V3AUX_EN} -> /Microcontroller/~{3V3AUX_EN}
net CREATED in master (no unique match): /Power/VSW_1
net CREATED in master (no unique match): /Power/VSW_2
power           moved:81 tracks:306 arcs:0 vias:93 zones:26 rule-areas:7  fp-bbox=(100.2,104.7)-(177.7,131.9) mm
switch-control: extra offset (0.000, 12.700) mm applied (KiCad +Y = down)
net MAPPED by label: /Switch Control/RX_EN -> /IF Transceiver/RX_EN
net MAPPED by label: /Switch Control/MIX_EN -> /Image Reject Filters/MIX_EN
net MAPPED by label: /Switch Control/TX_EN -> /Microcontroller/TX_EN
switch-control  moved:18 tracks:169 arcs:0 vias:25 zones:6 rule-areas:2  fp-bbox=(84.6,176.3)-(116.8,183.0) mm
usb: translating block by (60.764, 1.826) mm, anchored on J1
net MAPPED by label: /USB/ADC0_4 -> /Microcontroller/ADC0_4
net MAPPED by label: /USB/VBUS -> /Power/VBUS
net MAPPED by label: /USB/ADC0_7 -> /Microcontroller/ADC0_7
usb             moved:10 tracks:127 arcs:0 vias:13 zones:2 rule-areas:0  fp-bbox=(164.2,117.4)-(181.5,130.5) mm
TOTALS: {'moved': 476, 'tracks': 4450, 'arcs': 0, 'vias': 638, 'zones': 81, 'rule_areas_imported': 20, 'zones_skipped_gnd': 22}
CROSS-BLOCK OVERLAP adc-dac <> clock: 1 footprint pairs, e.g. U36/R105
CROSS-BLOCK OVERLAP adc-dac <> if-transceiver: 1 footprint pairs, e.g. U35/C92
CROSS-BLOCK OVERLAP clock <> if-transceiver: 1 footprint pairs, e.g. R41/R149
CROSS-BLOCK OVERLAP clock <> mcu: 2 footprint pairs, e.g. D9/P20, P2/P20
CROSS-BLOCK OVERLAP fpga <> power: 3 footprint pairs, e.g. RN4/U32, RN3/C23, RN3/U32
CROSS-BLOCK OVERLAP frontend <> image-reject: 7 footprint pairs, e.g. C201/L18, C201/L16, C201/L17, C201/C96, C201/C91, C201/C101
CROSS-BLOCK OVERLAP mcu <> power: 8 footprint pairs, e.g. P26/C126, P26/L10, P28/C167, R63/C126, R66/C126, R66/C127
CROSS-BLOCK OVERLAP mcu <> usb: 1 footprint pairs, e.g. P20/J1
master rule areas REMOVED (17): Microcontroller, VCC_CLK, USB, IF Transceiver, POWER_IN, IR Filters, ADC, DAC, VCC_FPGA, Clock Generator, Mixer, FPGA, VCC_AUX, RF Front End, VCC_LED, MAIN_VRM, FLASH, SW Control
master rule areas KEPT: LED_SW, legend
saved merged board: q-radio.kicad_pcb
